<!DOCTYPE html>
<html>
  <head>
    <meta charset="utf-8" />
    <title>with additional helpers test</title>
  </head>
  <body>

    [[ with additional helpers contents ]]

  </body>
</html>
